pybullet build time: Jun 21 2026 03:38:03
2026-06-21 06:08:42,071 [INFO] ============================================================
2026-06-21 06:08:42,071 [INFO] SAFE AUTONOMOUS PICKUP & DEPOSIT (State Machine)
2026-06-21 06:08:42,071 [INFO] ============================================================
2026-06-21 06:08:42,078 [INFO] Initializing simulation...
2026-06-21 06:08:43,035 [INFO] Initialization complete
2026-06-21 06:08:43,035 [INFO] Letting robot settle...
2026-06-21 06:08:43,564 [INFO] Robot stable, starting state machine...
2026-06-21 06:08:43,600 [INFO] Safety: obstacle -> right
2026-06-21 06:08:44,979 [INFO] Safety clear
2026-06-21 06:08:45,982 [ERROR] Robot pitched over! Pitch: 33.4°
2026-06-21 06:08:45,983 [ERROR] Robot became unstable: pitch
2026-06-21 06:08:46,000 [INFO] Demo ended
[SimCore] PyBullet initialized (GUI: True)
[SimCore] Arena loaded (ID: 0)
[SimCore] Robot loaded (ID: 1, Joints: 11)
  Joint 0: wheel_fl_joint (Type: 0)
  Joint 1: wheel_fr_joint (Type: 0)
  Joint 2: wheel_rl_joint (Type: 0)
  Joint 3: wheel_rr_joint (Type: 0)
  Joint 4: camera_joint (Type: 4)
  Joint 5: arm_base_joint (Type: 0)
  Joint 6: arm_shoulder_joint (Type: 0)
  Joint 7: arm_elbow_joint (Type: 0)
  Joint 8: arm_wrist_joint (Type: 0)
  Joint 9: gripper_base_joint (Type: 4)
  Joint 10: claw_joint (Type: 0)
[SimCore] Spawned 22 balls
[SimCore] Simulation closed
startThreads creating 1 threads.
starting thread 0
started thread 0 
argc=2
argv[0] = --unused
argv[1] = --start_demo_name=Physics Server
ExampleBrowserThreadFunc started
X11 functions dynamically loaded using dlopen/dlsym OK!
X11 functions dynamically loaded using dlopen/dlsym OK!
Creating context
Created GL 3.3 context
Direct GLX rendering context obtained
Making context current
GL_VENDOR=Intel
GL_RENDERER=Mesa Intel(R) Iris(R) Xe Graphics (RPL-P)
GL_VERSION=4.6 (Core Profile) Mesa 25.2.8-0ubuntu0.24.04.2
GL_SHADING_LANGUAGE_VERSION=4.60
pthread_getconcurrency()=0
Version = 4.6 (Core Profile) Mesa 25.2.8-0ubuntu0.24.04.2
Vendor = Intel
Renderer = Mesa Intel(R) Iris(R) Xe Graphics (RPL-P)
b3Printf: Selected demo: Physics Server
startThreads creating 1 threads.
starting thread 0
started thread 0 
MotionThreadFunc thread started
ven = Intel
Workaround for some crash in the Intel OpenGL driver on Linux/Ubuntu
ven = Intel
Workaround for some crash in the Intel OpenGL driver on Linux/Ubuntu
numActiveThreads = 0
stopping threads
Thread with taskId 0 exiting
Thread TERMINATED
destroy semaphore
semaphore destroyed
destroy main semaphore
main semaphore destroyed
finished
numActiveThreads = 0
btShutDownExampleBrowser stopping threads
Thread with taskId 0 exiting
Thread TERMINATED
destroy semaphore
semaphore destroyed
destroy main semaphore
main semaphore destroyed
